[17-Apr-2025 17:07:44 Europe/Berlin] PHP Warning:  mysqli::__construct(): (HY000/1049): Unknown database 'campus_events' in C:\xampp\htdocs\se-final-project\config\database.php on line 10
[17-Apr-2025 17:07:44 Europe/Berlin] Connection failed: Unknown database 'campus_events'
[17-Apr-2025 17:07:44 Europe/Berlin] Database connection error: Database connection failed: Unknown database 'campus_events'
[17-Apr-2025 17:52:08 Europe/Berlin] PHP Warning:  require_once(../../../config.php): Failed to open stream: No such file or directory in C:\xampp\htdocs\se-final-project\views\dashboards\student\registration_action.php on line 10
[17-Apr-2025 17:52:08 Europe/Berlin] PHP Fatal error:  Uncaught Error: Failed opening required '../../../config.php' (include_path='C:\xampp\php\PEAR') in C:\xampp\htdocs\se-final-project\views\dashboards\student\registration_action.php:10
Stack trace:
#0 {main}
  thrown in C:\xampp\htdocs\se-final-project\views\dashboards\student\registration_action.php on line 10
[17-Apr-2025 17:52:11 Europe/Berlin] PHP Warning:  require_once(../../../config.php): Failed to open stream: No such file or directory in C:\xampp\htdocs\se-final-project\views\dashboards\student\registration_action.php on line 10
[17-Apr-2025 17:52:11 Europe/Berlin] PHP Fatal error:  Uncaught Error: Failed opening required '../../../config.php' (include_path='C:\xampp\php\PEAR') in C:\xampp\htdocs\se-final-project\views\dashboards\student\registration_action.php:10
Stack trace:
#0 {main}
  thrown in C:\xampp\htdocs\se-final-project\views\dashboards\student\registration_action.php on line 10
[17-Apr-2025 17:55:02 Europe/Berlin] PHP Warning:  require_once(../../../config.php): Failed to open stream: No such file or directory in C:\xampp\htdocs\se-final-project\views\dashboards\student\registration_action.php on line 10
[17-Apr-2025 17:55:02 Europe/Berlin] PHP Fatal error:  Uncaught Error: Failed opening required '../../../config.php' (include_path='C:\xampp\php\PEAR') in C:\xampp\htdocs\se-final-project\views\dashboards\student\registration_action.php:10
Stack trace:
#0 {main}
  thrown in C:\xampp\htdocs\se-final-project\views\dashboards\student\registration_action.php on line 10
[17-Apr-2025 17:58:47 Europe/Berlin] PHP Warning:  require_once(../../../config.php): Failed to open stream: No such file or directory in C:\xampp\htdocs\se-final-project\views\dashboards\student\registration_action.php on line 13
[17-Apr-2025 17:58:47 Europe/Berlin] PHP Fatal error:  Uncaught Error: Failed opening required '../../../config.php' (include_path='C:\xampp\php\PEAR') in C:\xampp\htdocs\se-final-project\views\dashboards\student\registration_action.php:13
Stack trace:
#0 {main}
  thrown in C:\xampp\htdocs\se-final-project\views\dashboards\student\registration_action.php on line 13
[17-Apr-2025 17:58:54 Europe/Berlin] PHP Warning:  require_once(../../../config.php): Failed to open stream: No such file or directory in C:\xampp\htdocs\se-final-project\views\dashboards\student\registration_action.php on line 13
[17-Apr-2025 17:58:54 Europe/Berlin] PHP Fatal error:  Uncaught Error: Failed opening required '../../../config.php' (include_path='C:\xampp\php\PEAR') in C:\xampp\htdocs\se-final-project\views\dashboards\student\registration_action.php:13
Stack trace:
#0 {main}
  thrown in C:\xampp\htdocs\se-final-project\views\dashboards\student\registration_action.php on line 13
[17-Apr-2025 18:08:56 Europe/Berlin] PHP Warning:  require_once(../../../config.php): Failed to open stream: No such file or directory in C:\xampp\htdocs\se-final-project\views\dashboards\student\registration_action.php on line 13
[17-Apr-2025 18:08:56 Europe/Berlin] PHP Fatal error:  Uncaught Error: Failed opening required '../../../config.php' (include_path='C:\xampp\php\PEAR') in C:\xampp\htdocs\se-final-project\views\dashboards\student\registration_action.php:13
Stack trace:
#0 {main}
  thrown in C:\xampp\htdocs\se-final-project\views\dashboards\student\registration_action.php on line 13
[17-Apr-2025 18:09:00 Europe/Berlin] PHP Warning:  require_once(../../../config.php): Failed to open stream: No such file or directory in C:\xampp\htdocs\se-final-project\views\dashboards\student\registration_action.php on line 13
[17-Apr-2025 18:09:00 Europe/Berlin] PHP Fatal error:  Uncaught Error: Failed opening required '../../../config.php' (include_path='C:\xampp\php\PEAR') in C:\xampp\htdocs\se-final-project\views\dashboards\student\registration_action.php:13
Stack trace:
#0 {main}
  thrown in C:\xampp\htdocs\se-final-project\views\dashboards\student\registration_action.php on line 13
[17-Apr-2025 18:09:11 Europe/Berlin] PHP Warning:  require_once(../../../config.php): Failed to open stream: No such file or directory in C:\xampp\htdocs\se-final-project\views\dashboards\student\registration_action.php on line 13
[17-Apr-2025 18:09:11 Europe/Berlin] PHP Fatal error:  Uncaught Error: Failed opening required '../../../config.php' (include_path='C:\xampp\php\PEAR') in C:\xampp\htdocs\se-final-project\views\dashboards\student\registration_action.php:13
Stack trace:
#0 {main}
  thrown in C:\xampp\htdocs\se-final-project\views\dashboards\student\registration_action.php on line 13
[17-Apr-2025 18:09:17 Europe/Berlin] PHP Warning:  require_once(../../../config.php): Failed to open stream: No such file or directory in C:\xampp\htdocs\se-final-project\views\dashboards\student\registration_action.php on line 13
[17-Apr-2025 18:09:17 Europe/Berlin] PHP Fatal error:  Uncaught Error: Failed opening required '../../../config.php' (include_path='C:\xampp\php\PEAR') in C:\xampp\htdocs\se-final-project\views\dashboards\student\registration_action.php:13
Stack trace:
#0 {main}
  thrown in C:\xampp\htdocs\se-final-project\views\dashboards\student\registration_action.php on line 13
[17-Apr-2025 18:09:18 Europe/Berlin] PHP Warning:  require_once(../../../config.php): Failed to open stream: No such file or directory in C:\xampp\htdocs\se-final-project\views\dashboards\student\registration_action.php on line 13
[17-Apr-2025 18:09:18 Europe/Berlin] PHP Fatal error:  Uncaught Error: Failed opening required '../../../config.php' (include_path='C:\xampp\php\PEAR') in C:\xampp\htdocs\se-final-project\views\dashboards\student\registration_action.php:13
Stack trace:
#0 {main}
  thrown in C:\xampp\htdocs\se-final-project\views\dashboards\student\registration_action.php on line 13
[17-Apr-2025 18:09:19 Europe/Berlin] PHP Warning:  require_once(../../../config.php): Failed to open stream: No such file or directory in C:\xampp\htdocs\se-final-project\views\dashboards\student\registration_action.php on line 13
[17-Apr-2025 18:09:19 Europe/Berlin] PHP Fatal error:  Uncaught Error: Failed opening required '../../../config.php' (include_path='C:\xampp\php\PEAR') in C:\xampp\htdocs\se-final-project\views\dashboards\student\registration_action.php:13
Stack trace:
#0 {main}
  thrown in C:\xampp\htdocs\se-final-project\views\dashboards\student\registration_action.php on line 13
[17-Apr-2025 18:09:20 Europe/Berlin] PHP Warning:  require_once(../../../config.php): Failed to open stream: No such file or directory in C:\xampp\htdocs\se-final-project\views\dashboards\student\registration_action.php on line 13
[17-Apr-2025 18:09:20 Europe/Berlin] PHP Fatal error:  Uncaught Error: Failed opening required '../../../config.php' (include_path='C:\xampp\php\PEAR') in C:\xampp\htdocs\se-final-project\views\dashboards\student\registration_action.php:13
Stack trace:
#0 {main}
  thrown in C:\xampp\htdocs\se-final-project\views\dashboards\student\registration_action.php on line 13
[17-Apr-2025 18:09:20 Europe/Berlin] PHP Warning:  require_once(../../../config.php): Failed to open stream: No such file or directory in C:\xampp\htdocs\se-final-project\views\dashboards\student\registration_action.php on line 13
[17-Apr-2025 18:09:20 Europe/Berlin] PHP Fatal error:  Uncaught Error: Failed opening required '../../../config.php' (include_path='C:\xampp\php\PEAR') in C:\xampp\htdocs\se-final-project\views\dashboards\student\registration_action.php:13
Stack trace:
#0 {main}
  thrown in C:\xampp\htdocs\se-final-project\views\dashboards\student\registration_action.php on line 13
[17-Apr-2025 18:09:31 Europe/Berlin] PHP Warning:  require_once(../../../config.php): Failed to open stream: No such file or directory in C:\xampp\htdocs\se-final-project\views\dashboards\student\registration_action.php on line 13
[17-Apr-2025 18:09:31 Europe/Berlin] PHP Fatal error:  Uncaught Error: Failed opening required '../../../config.php' (include_path='C:\xampp\php\PEAR') in C:\xampp\htdocs\se-final-project\views\dashboards\student\registration_action.php:13
Stack trace:
#0 {main}
  thrown in C:\xampp\htdocs\se-final-project\views\dashboards\student\registration_action.php on line 13
[17-Apr-2025 18:09:34 Europe/Berlin] PHP Warning:  require_once(../../../config.php): Failed to open stream: No such file or directory in C:\xampp\htdocs\se-final-project\views\dashboards\student\registration_action.php on line 13
[17-Apr-2025 18:09:34 Europe/Berlin] PHP Fatal error:  Uncaught Error: Failed opening required '../../../config.php' (include_path='C:\xampp\php\PEAR') in C:\xampp\htdocs\se-final-project\views\dashboards\student\registration_action.php:13
Stack trace:
#0 {main}
  thrown in C:\xampp\htdocs\se-final-project\views\dashboards\student\registration_action.php on line 13
[17-Apr-2025 18:09:34 Europe/Berlin] PHP Warning:  require_once(../../../config.php): Failed to open stream: No such file or directory in C:\xampp\htdocs\se-final-project\views\dashboards\student\registration_action.php on line 13
[17-Apr-2025 18:09:34 Europe/Berlin] PHP Fatal error:  Uncaught Error: Failed opening required '../../../config.php' (include_path='C:\xampp\php\PEAR') in C:\xampp\htdocs\se-final-project\views\dashboards\student\registration_action.php:13
Stack trace:
#0 {main}
  thrown in C:\xampp\htdocs\se-final-project\views\dashboards\student\registration_action.php on line 13
[17-Apr-2025 18:09:34 Europe/Berlin] PHP Warning:  require_once(../../../config.php): Failed to open stream: No such file or directory in C:\xampp\htdocs\se-final-project\views\dashboards\student\registration_action.php on line 13
[17-Apr-2025 18:09:34 Europe/Berlin] PHP Fatal error:  Uncaught Error: Failed opening required '../../../config.php' (include_path='C:\xampp\php\PEAR') in C:\xampp\htdocs\se-final-project\views\dashboards\student\registration_action.php:13
Stack trace:
#0 {main}
  thrown in C:\xampp\htdocs\se-final-project\views\dashboards\student\registration_action.php on line 13
