[30-Apr-2025 02:41:21 Europe/Berlin] Starting registration_action.php
[30-Apr-2025 02:41:21 Europe/Berlin] Session data: Array
(
    [user_id] => 13
    [full_name] => steve Nsabimana
    [role] => student
    [first_name] => steve
)

[30-Apr-2025 02:41:21 Europe/Berlin] POST data: Array
(
    [action] => getRegisteredEvents
)

[30-Apr-2025 02:41:21 Europe/Berlin] Error in getRegisteredEvents: Failed to prepare query: Unknown column 'f.comment' in 'field list'
[30-Apr-2025 02:41:22 Europe/Berlin] Starting registration_action.php
[30-Apr-2025 02:41:22 Europe/Berlin] Session data: Array
(
    [user_id] => 13
    [full_name] => steve Nsabimana
    [role] => student
    [first_name] => steve
)

[30-Apr-2025 02:41:22 Europe/Berlin] POST data: Array
(
    [action] => getRegisteredEvents
)

[30-Apr-2025 02:41:22 Europe/Berlin] Error in getRegisteredEvents: Failed to prepare query: Unknown column 'f.comment' in 'field list'
[30-Apr-2025 02:42:09 Europe/Berlin] Starting registration_action.php
[30-Apr-2025 02:42:09 Europe/Berlin] Session data: Array
(
    [user_id] => 13
    [full_name] => steve Nsabimana
    [role] => student
    [first_name] => steve
)

[30-Apr-2025 02:42:09 Europe/Berlin] POST data: Array
(
    [action] => getRegisteredEvents
)

[30-Apr-2025 02:43:30 Europe/Berlin] Starting registration_action.php
[30-Apr-2025 02:43:30 Europe/Berlin] Session data: Array
(
    [user_id] => 13
    [full_name] => steve Nsabimana
    [role] => student
    [first_name] => steve
)

[30-Apr-2025 02:43:30 Europe/Berlin] POST data: Array
(
    [action] => getRegisteredEvents
)

[30-Apr-2025 02:43:30 Europe/Berlin] Executing query: SELECT 
                            e.event_id,
                            e.title,
                            e.category,
                            e.location,
                            DATE_FORMAT(e.start_datetime, '%Y-%m-%d %H:%i') as start_datetime,
                            DATE_FORMAT(e.end_datetime, '%Y-%m-%d %H:%i') as end_datetime,
                            DATE_FORMAT(r.registration_date, '%Y-%m-%d %H:%i') as registration_date,
                            r.attendance_status,
                            f.rating,
                            f.comments,
                            CASE 
                                WHEN e.end_datetime < NOW() THEN 'completed'
                                WHEN e.start_datetime > NOW() THEN 'upcoming'
                                ELSE 'ongoing'
                            END as event_status
                        FROM registrations r
                        INNER JOIN events e ON r.event_id = e.event_id
                        LEFT JOIN feedback f ON e.event_id = f.event_id AND f.user_id = r.user_id
                        WHERE r.user_id = ?
                        ORDER BY e.start_datetime DESC
[30-Apr-2025 02:43:30 Europe/Berlin] With user_id: 13
[30-Apr-2025 02:43:30 Europe/Berlin] Found 5 events
[30-Apr-2025 02:44:54 Europe/Berlin] Starting registration_action.php
[30-Apr-2025 02:44:54 Europe/Berlin] Session data: Array
(
    [user_id] => 13
    [full_name] => steve Nsabimana
    [role] => student
    [first_name] => steve
)

[30-Apr-2025 02:44:54 Europe/Berlin] POST data: Array
(
    [action] => getRegisteredEvents
)

[30-Apr-2025 02:44:54 Europe/Berlin] Executing query: SELECT 
                            e.event_id,
                            e.title,
                            e.category,
                            e.location,
                            DATE_FORMAT(e.start_datetime, '%Y-%m-%d %H:%i') as start_datetime,
                            DATE_FORMAT(e.end_datetime, '%Y-%m-%d %H:%i') as end_datetime,
                            DATE_FORMAT(r.registration_date, '%Y-%m-%d %H:%i') as registration_date,
                            r.attendance_status,
                            f.rating,
                            f.comments,
                            CASE 
                                WHEN e.end_datetime < NOW() THEN 'completed'
                                WHEN e.start_datetime > NOW() THEN 'upcoming'
                                ELSE 'ongoing'
                            END as event_status
                        FROM registrations r
                        INNER JOIN events e ON r.event_id = e.event_id
                        LEFT JOIN feedback f ON e.event_id = f.event_id AND f.user_id = r.user_id
                        WHERE r.user_id = ?
                        ORDER BY e.start_datetime DESC
[30-Apr-2025 02:44:54 Europe/Berlin] With user_id: 13
[30-Apr-2025 02:44:54 Europe/Berlin] Found 5 events
[30-Apr-2025 02:47:11 Europe/Berlin] Starting registration_action.php
[30-Apr-2025 02:47:11 Europe/Berlin] Session data: Array
(
    [user_id] => 13
    [full_name] => steve Nsabimana
    [role] => student
    [first_name] => steve
)

[30-Apr-2025 02:47:11 Europe/Berlin] POST data: Array
(
    [action] => getRegisteredEvents
)

[30-Apr-2025 02:47:11 Europe/Berlin] Executing query: SELECT 
                            e.event_id,
                            e.title,
                            e.category,
                            e.location,
                            DATE_FORMAT(e.start_datetime, '%Y-%m-%d %H:%i') as start_datetime,
                            DATE_FORMAT(e.end_datetime, '%Y-%m-%d %H:%i') as end_datetime,
                            DATE_FORMAT(r.registration_date, '%Y-%m-%d %H:%i') as registration_date,
                            r.attendance_status,
                            f.rating,
                            f.comments,
                            CASE 
                                WHEN e.end_datetime < NOW() THEN 'completed'
                                WHEN e.start_datetime > NOW() THEN 'upcoming'
                                ELSE 'ongoing'
                            END as event_status
                        FROM registrations r
                        INNER JOIN events e ON r.event_id = e.event_id
                        LEFT JOIN feedback f ON e.event_id = f.event_id AND f.user_id = r.user_id
                        WHERE r.user_id = ?
                        ORDER BY e.start_datetime DESC
[30-Apr-2025 02:47:11 Europe/Berlin] With user_id: 13
[30-Apr-2025 02:47:11 Europe/Berlin] Found 5 events
[30-Apr-2025 02:49:07 Europe/Berlin] Starting registration_action.php
[30-Apr-2025 02:49:07 Europe/Berlin] Session data: Array
(
    [user_id] => 13
    [full_name] => steve Nsabimana
    [role] => student
    [first_name] => steve
)

[30-Apr-2025 02:49:07 Europe/Berlin] POST data: Array
(
    [action] => getRegisteredEvents
)

[30-Apr-2025 02:49:07 Europe/Berlin] Executing query: SELECT 
                            e.event_id,
                            e.title,
                            e.category,
                            e.location,
                            DATE_FORMAT(e.start_datetime, '%Y-%m-%d %H:%i') as start_datetime,
                            DATE_FORMAT(e.end_datetime, '%Y-%m-%d %H:%i') as end_datetime,
                            DATE_FORMAT(r.registration_date, '%Y-%m-%d %H:%i') as registration_date,
                            r.attendance_status,
                            f.rating,
                            f.comments,
                            CASE 
                                WHEN e.end_datetime < NOW() THEN 'completed'
                                WHEN e.start_datetime > NOW() THEN 'upcoming'
                                ELSE 'ongoing'
                            END as event_status
                        FROM registrations r
                        INNER JOIN events e ON r.event_id = e.event_id
                        LEFT JOIN feedback f ON e.event_id = f.event_id AND f.user_id = r.user_id
                        WHERE r.user_id = ?
                        ORDER BY e.start_datetime DESC
[30-Apr-2025 02:49:07 Europe/Berlin] With user_id: 13
[30-Apr-2025 02:49:07 Europe/Berlin] Found 5 events
[30-Apr-2025 02:53:13 Europe/Berlin] Starting registration_action.php
[30-Apr-2025 02:53:13 Europe/Berlin] Session data: Array
(
    [user_id] => 13
    [full_name] => steve Nsabimana
    [role] => student
    [first_name] => steve
)

[30-Apr-2025 02:53:13 Europe/Berlin] POST data: Array
(
    [action] => getRegisteredEvents
)

[30-Apr-2025 02:53:13 Europe/Berlin] Executing query: SELECT 
                            e.event_id,
                            e.title,
                            e.category,
                            e.location,
                            DATE_FORMAT(e.start_datetime, '%Y-%m-%d %H:%i') as start_datetime,
                            DATE_FORMAT(e.end_datetime, '%Y-%m-%d %H:%i') as end_datetime,
                            DATE_FORMAT(r.registration_date, '%Y-%m-%d %H:%i') as registration_date,
                            r.attendance_status,
                            f.rating,
                            f.comments,
                            CASE 
                                WHEN e.end_datetime < NOW() THEN 'completed'
                                WHEN e.start_datetime > NOW() THEN 'upcoming'
                                ELSE 'ongoing'
                            END as event_status
                        FROM registrations r
                        INNER JOIN events e ON r.event_id = e.event_id
                        LEFT JOIN feedback f ON e.event_id = f.event_id AND f.user_id = r.user_id
                        WHERE r.user_id = ?
                        ORDER BY e.start_datetime DESC
[30-Apr-2025 02:53:13 Europe/Berlin] With user_id: 13
[30-Apr-2025 02:53:13 Europe/Berlin] Found 5 events
[30-Apr-2025 02:53:58 Europe/Berlin] Starting registration_action.php
[30-Apr-2025 02:53:58 Europe/Berlin] Session data: Array
(
    [user_id] => 13
    [full_name] => steve Nsabimana
    [role] => student
    [first_name] => steve
)

[30-Apr-2025 02:53:58 Europe/Berlin] POST data: Array
(
    [action] => getRegisteredEvents
)

[30-Apr-2025 02:53:58 Europe/Berlin] Executing query: SELECT 
                            e.event_id,
                            e.title,
                            e.category,
                            e.location,
                            DATE_FORMAT(e.start_datetime, '%Y-%m-%d %H:%i') as start_datetime,
                            DATE_FORMAT(e.end_datetime, '%Y-%m-%d %H:%i') as end_datetime,
                            DATE_FORMAT(r.registration_date, '%Y-%m-%d %H:%i') as registration_date,
                            r.attendance_status,
                            f.rating,
                            f.comments,
                            CASE 
                                WHEN e.end_datetime < NOW() THEN 'completed'
                                WHEN e.start_datetime > NOW() THEN 'upcoming'
                                ELSE 'ongoing'
                            END as event_status
                        FROM registrations r
                        INNER JOIN events e ON r.event_id = e.event_id
                        LEFT JOIN feedback f ON e.event_id = f.event_id AND f.user_id = r.user_id
                        WHERE r.user_id = ?
                        ORDER BY e.start_datetime DESC
[30-Apr-2025 02:53:58 Europe/Berlin] With user_id: 13
[30-Apr-2025 02:53:58 Europe/Berlin] Found 5 events
[30-Apr-2025 02:54:02 Europe/Berlin] Starting registration_action.php
[30-Apr-2025 02:54:02 Europe/Berlin] Session data: Array
(
    [user_id] => 13
    [full_name] => steve Nsabimana
    [role] => student
    [first_name] => steve
)

[30-Apr-2025 02:54:02 Europe/Berlin] POST data: Array
(
    [action] => getRegisteredEvents
)

[30-Apr-2025 02:54:02 Europe/Berlin] Executing query: SELECT 
                            e.event_id,
                            e.title,
                            e.category,
                            e.location,
                            DATE_FORMAT(e.start_datetime, '%Y-%m-%d %H:%i') as start_datetime,
                            DATE_FORMAT(e.end_datetime, '%Y-%m-%d %H:%i') as end_datetime,
                            DATE_FORMAT(r.registration_date, '%Y-%m-%d %H:%i') as registration_date,
                            r.attendance_status,
                            f.rating,
                            f.comments,
                            CASE 
                                WHEN e.end_datetime < NOW() THEN 'completed'
                                WHEN e.start_datetime > NOW() THEN 'upcoming'
                                ELSE 'ongoing'
                            END as event_status
                        FROM registrations r
                        INNER JOIN events e ON r.event_id = e.event_id
                        LEFT JOIN feedback f ON e.event_id = f.event_id AND f.user_id = r.user_id
                        WHERE r.user_id = ?
                        ORDER BY e.start_datetime DESC
[30-Apr-2025 02:54:02 Europe/Berlin] With user_id: 13
[30-Apr-2025 02:54:02 Europe/Berlin] Found 5 events
[30-Apr-2025 02:54:16 Europe/Berlin] Starting registration_action.php
[30-Apr-2025 02:54:16 Europe/Berlin] Session data: Array
(
    [user_id] => 13
    [full_name] => steve Nsabimana
    [role] => student
    [first_name] => steve
)

[30-Apr-2025 02:54:16 Europe/Berlin] POST data: Array
(
    [action] => getRegisteredEvents
)

[30-Apr-2025 02:54:16 Europe/Berlin] Executing query: SELECT 
                            e.event_id,
                            e.title,
                            e.category,
                            e.location,
                            DATE_FORMAT(e.start_datetime, '%Y-%m-%d %H:%i') as start_datetime,
                            DATE_FORMAT(e.end_datetime, '%Y-%m-%d %H:%i') as end_datetime,
                            DATE_FORMAT(r.registration_date, '%Y-%m-%d %H:%i') as registration_date,
                            r.attendance_status,
                            f.rating,
                            f.comments,
                            CASE 
                                WHEN e.end_datetime < NOW() THEN 'completed'
                                WHEN e.start_datetime > NOW() THEN 'upcoming'
                                ELSE 'ongoing'
                            END as event_status
                        FROM registrations r
                        INNER JOIN events e ON r.event_id = e.event_id
                        LEFT JOIN feedback f ON e.event_id = f.event_id AND f.user_id = r.user_id
                        WHERE r.user_id = ?
                        ORDER BY e.start_datetime DESC
[30-Apr-2025 02:54:16 Europe/Berlin] With user_id: 13
[30-Apr-2025 02:54:16 Europe/Berlin] Found 5 events
[30-Apr-2025 02:56:57 Europe/Berlin] Starting registration_action.php
[30-Apr-2025 02:56:57 Europe/Berlin] Session data: Array
(
    [user_id] => 13
    [full_name] => steve Nsabimana
    [role] => student
    [first_name] => steve
)

[30-Apr-2025 02:56:57 Europe/Berlin] POST data: Array
(
    [action] => getRegisteredEvents
)

[30-Apr-2025 02:56:57 Europe/Berlin] Executing query: SELECT 
                            e.event_id,
                            e.title,
                            e.category,
                            e.location,
                            DATE_FORMAT(e.start_datetime, '%Y-%m-%d %H:%i') as start_datetime,
                            DATE_FORMAT(e.end_datetime, '%Y-%m-%d %H:%i') as end_datetime,
                            DATE_FORMAT(r.registration_date, '%Y-%m-%d %H:%i') as registration_date,
                            r.attendance_status,
                            f.rating,
                            f.comments,
                            CASE 
                                WHEN e.end_datetime < NOW() THEN 'completed'
                                WHEN e.start_datetime > NOW() THEN 'upcoming'
                                ELSE 'ongoing'
                            END as event_status
                        FROM registrations r
                        INNER JOIN events e ON r.event_id = e.event_id
                        LEFT JOIN feedback f ON e.event_id = f.event_id AND f.user_id = r.user_id
                        WHERE r.user_id = ?
                        ORDER BY e.start_datetime DESC
[30-Apr-2025 02:56:57 Europe/Berlin] With user_id: 13
[30-Apr-2025 02:56:57 Europe/Berlin] Found 5 events
[30-Apr-2025 02:57:18 Europe/Berlin] Starting registration_action.php
[30-Apr-2025 02:57:18 Europe/Berlin] Session data: Array
(
    [user_id] => 13
    [full_name] => steve Nsabimana
    [role] => student
    [first_name] => steve
)

[30-Apr-2025 02:57:18 Europe/Berlin] POST data: Array
(
    [action] => getRegisteredEvents
)

[30-Apr-2025 02:57:18 Europe/Berlin] Executing query: SELECT 
                            e.event_id,
                            e.title,
                            e.category,
                            e.location,
                            DATE_FORMAT(e.start_datetime, '%Y-%m-%d %H:%i') as start_datetime,
                            DATE_FORMAT(e.end_datetime, '%Y-%m-%d %H:%i') as end_datetime,
                            DATE_FORMAT(r.registration_date, '%Y-%m-%d %H:%i') as registration_date,
                            r.attendance_status,
                            f.rating,
                            f.comments,
                            CASE 
                                WHEN e.end_datetime < NOW() THEN 'completed'
                                WHEN e.start_datetime > NOW() THEN 'upcoming'
                                ELSE 'ongoing'
                            END as event_status
                        FROM registrations r
                        INNER JOIN events e ON r.event_id = e.event_id
                        LEFT JOIN feedback f ON e.event_id = f.event_id AND f.user_id = r.user_id
                        WHERE r.user_id = ?
                        ORDER BY e.start_datetime DESC
[30-Apr-2025 02:57:18 Europe/Berlin] With user_id: 13
[30-Apr-2025 02:57:18 Europe/Berlin] Found 5 events
[30-Apr-2025 02:58:49 Europe/Berlin] Starting registration_action.php
[30-Apr-2025 02:58:49 Europe/Berlin] Session data: Array
(
    [user_id] => 13
    [full_name] => steve Nsabimana
    [role] => student
    [first_name] => steve
)

[30-Apr-2025 02:58:49 Europe/Berlin] POST data: Array
(
    [action] => getRegisteredEvents
)

[30-Apr-2025 02:58:49 Europe/Berlin] Executing query: SELECT 
                            e.event_id,
                            e.title,
                            e.category,
                            e.location,
                            DATE_FORMAT(e.start_datetime, '%Y-%m-%d %H:%i') as start_datetime,
                            DATE_FORMAT(e.end_datetime, '%Y-%m-%d %H:%i') as end_datetime,
                            DATE_FORMAT(r.registration_date, '%Y-%m-%d %H:%i') as registration_date,
                            r.attendance_status,
                            f.rating,
                            f.comments,
                            CASE 
                                WHEN e.end_datetime < NOW() THEN 'completed'
                                WHEN e.start_datetime > NOW() THEN 'upcoming'
                                ELSE 'ongoing'
                            END as event_status
                        FROM registrations r
                        INNER JOIN events e ON r.event_id = e.event_id
                        LEFT JOIN feedback f ON e.event_id = f.event_id AND f.user_id = r.user_id
                        WHERE r.user_id = ?
                        ORDER BY e.start_datetime DESC
[30-Apr-2025 02:58:49 Europe/Berlin] With user_id: 13
[30-Apr-2025 02:58:49 Europe/Berlin] Found 5 events
[30-Apr-2025 03:00:32 Europe/Berlin] Starting registration_action.php
[30-Apr-2025 03:00:32 Europe/Berlin] Session data: Array
(
    [user_id] => 13
    [full_name] => steve Nsabimana
    [role] => student
    [first_name] => steve
)

[30-Apr-2025 03:00:32 Europe/Berlin] POST data: Array
(
    [action] => getRegisteredEvents
)

[30-Apr-2025 03:00:32 Europe/Berlin] Executing query: SELECT 
                            e.event_id,
                            e.title,
                            e.category,
                            e.location,
                            DATE_FORMAT(e.start_datetime, '%Y-%m-%d %H:%i') as start_datetime,
                            DATE_FORMAT(e.end_datetime, '%Y-%m-%d %H:%i') as end_datetime,
                            DATE_FORMAT(r.registration_date, '%Y-%m-%d %H:%i') as registration_date,
                            r.attendance_status,
                            f.rating,
                            f.comments,
                            CASE 
                                WHEN e.end_datetime < NOW() THEN 'completed'
                                WHEN e.start_datetime > NOW() THEN 'upcoming'
                                ELSE 'ongoing'
                            END as event_status
                        FROM registrations r
                        INNER JOIN events e ON r.event_id = e.event_id
                        LEFT JOIN feedback f ON e.event_id = f.event_id AND f.user_id = r.user_id
                        WHERE r.user_id = ?
                        ORDER BY e.start_datetime DESC
[30-Apr-2025 03:00:32 Europe/Berlin] With user_id: 13
[30-Apr-2025 03:00:32 Europe/Berlin] Found 5 events
[30-Apr-2025 03:03:20 Europe/Berlin] Starting registration_action.php
[30-Apr-2025 03:03:20 Europe/Berlin] Session data: Array
(
    [user_id] => 13
    [full_name] => steve Nsabimana
    [role] => student
    [first_name] => steve
)

[30-Apr-2025 03:03:20 Europe/Berlin] POST data: Array
(
    [action] => getRegisteredEvents
)

[30-Apr-2025 03:03:20 Europe/Berlin] Executing query: SELECT 
                            e.event_id,
                            e.title,
                            e.category,
                            e.location,
                            DATE_FORMAT(e.start_datetime, '%Y-%m-%d %H:%i') as start_datetime,
                            DATE_FORMAT(e.end_datetime, '%Y-%m-%d %H:%i') as end_datetime,
                            DATE_FORMAT(r.registration_date, '%Y-%m-%d %H:%i') as registration_date,
                            r.attendance_status,
                            f.rating,
                            f.comments,
                            CASE 
                                WHEN e.end_datetime < NOW() THEN 'completed'
                                WHEN e.start_datetime > NOW() THEN 'upcoming'
                                ELSE 'ongoing'
                            END as event_status
                        FROM registrations r
                        INNER JOIN events e ON r.event_id = e.event_id
                        LEFT JOIN feedback f ON e.event_id = f.event_id AND f.user_id = r.user_id
                        WHERE r.user_id = ?
                        ORDER BY e.start_datetime DESC
[30-Apr-2025 03:03:20 Europe/Berlin] With user_id: 13
[30-Apr-2025 03:03:20 Europe/Berlin] Found 5 events
[30-Apr-2025 03:05:25 Europe/Berlin] Starting registration_action.php
[30-Apr-2025 03:05:25 Europe/Berlin] Session data: Array
(
    [user_id] => 13
    [full_name] => steve Nsabimana
    [role] => student
    [first_name] => steve
)

[30-Apr-2025 03:05:25 Europe/Berlin] POST data: Array
(
    [action] => getRegisteredEvents
)

[30-Apr-2025 03:05:25 Europe/Berlin] Executing query: SELECT 
                            e.event_id,
                            e.title,
                            e.category,
                            e.location,
                            DATE_FORMAT(e.start_datetime, '%Y-%m-%d %H:%i') as start_datetime,
                            DATE_FORMAT(e.end_datetime, '%Y-%m-%d %H:%i') as end_datetime,
                            DATE_FORMAT(r.registration_date, '%Y-%m-%d %H:%i') as registration_date,
                            r.attendance_status,
                            f.rating,
                            f.comments,
                            CASE 
                                WHEN e.end_datetime < NOW() THEN 'completed'
                                WHEN e.start_datetime > NOW() THEN 'upcoming'
                                ELSE 'ongoing'
                            END as event_status
                        FROM registrations r
                        INNER JOIN events e ON r.event_id = e.event_id
                        LEFT JOIN feedback f ON e.event_id = f.event_id AND f.user_id = r.user_id
                        WHERE r.user_id = ?
                        ORDER BY e.start_datetime DESC
[30-Apr-2025 03:05:25 Europe/Berlin] With user_id: 13
[30-Apr-2025 03:05:25 Europe/Berlin] Found 5 events
[30-Apr-2025 03:06:46 Europe/Berlin] Starting registration_action.php
[30-Apr-2025 03:06:46 Europe/Berlin] Session data: Array
(
    [user_id] => 13
    [full_name] => steve Nsabimana
    [role] => student
    [first_name] => steve
)

[30-Apr-2025 03:06:46 Europe/Berlin] POST data: Array
(
    [action] => getRegisteredEvents
)

[30-Apr-2025 03:06:46 Europe/Berlin] Executing query: SELECT 
                            e.event_id,
                            e.title,
                            e.category,
                            e.location,
                            DATE_FORMAT(e.start_datetime, '%Y-%m-%d %H:%i') as start_datetime,
                            DATE_FORMAT(e.end_datetime, '%Y-%m-%d %H:%i') as end_datetime,
                            DATE_FORMAT(r.registration_date, '%Y-%m-%d %H:%i') as registration_date,
                            r.attendance_status,
                            f.rating,
                            f.comments,
                            CASE 
                                WHEN e.end_datetime < NOW() THEN 'completed'
                                WHEN e.start_datetime > NOW() THEN 'upcoming'
                                ELSE 'ongoing'
                            END as event_status
                        FROM registrations r
                        INNER JOIN events e ON r.event_id = e.event_id
                        LEFT JOIN feedback f ON e.event_id = f.event_id AND f.user_id = r.user_id
                        WHERE r.user_id = ?
                        ORDER BY e.start_datetime DESC
[30-Apr-2025 03:06:46 Europe/Berlin] With user_id: 13
[30-Apr-2025 03:06:46 Europe/Berlin] Found 5 events
[30-Apr-2025 03:06:55 Europe/Berlin] Starting registration_action.php
[30-Apr-2025 03:06:55 Europe/Berlin] Session data: Array
(
    [user_id] => 13
    [full_name] => steve Nsabimana
    [role] => student
    [first_name] => steve
)

[30-Apr-2025 03:06:55 Europe/Berlin] POST data: Array
(
    [action] => getRegisteredEvents
)

[30-Apr-2025 03:06:55 Europe/Berlin] Executing query: SELECT 
                            e.event_id,
                            e.title,
                            e.category,
                            e.location,
                            DATE_FORMAT(e.start_datetime, '%Y-%m-%d %H:%i') as start_datetime,
                            DATE_FORMAT(e.end_datetime, '%Y-%m-%d %H:%i') as end_datetime,
                            DATE_FORMAT(r.registration_date, '%Y-%m-%d %H:%i') as registration_date,
                            r.attendance_status,
                            f.rating,
                            f.comments,
                            CASE 
                                WHEN e.end_datetime < NOW() THEN 'completed'
                                WHEN e.start_datetime > NOW() THEN 'upcoming'
                                ELSE 'ongoing'
                            END as event_status
                        FROM registrations r
                        INNER JOIN events e ON r.event_id = e.event_id
                        LEFT JOIN feedback f ON e.event_id = f.event_id AND f.user_id = r.user_id
                        WHERE r.user_id = ?
                        ORDER BY e.start_datetime DESC
[30-Apr-2025 03:06:55 Europe/Berlin] With user_id: 13
[30-Apr-2025 03:06:55 Europe/Berlin] Found 5 events
[30-Apr-2025 03:08:22 Europe/Berlin] Starting registration_action.php
[30-Apr-2025 03:08:22 Europe/Berlin] Session data: Array
(
    [user_id] => 13
    [full_name] => steve Nsabimana
    [role] => student
    [first_name] => steve
)

[30-Apr-2025 03:08:22 Europe/Berlin] POST data: Array
(
    [action] => getRegisteredEvents
)

[30-Apr-2025 03:08:22 Europe/Berlin] Executing query: SELECT 
                            e.event_id,
                            e.title,
                            e.category,
                            e.location,
                            DATE_FORMAT(e.start_datetime, '%Y-%m-%d %H:%i') as start_datetime,
                            DATE_FORMAT(e.end_datetime, '%Y-%m-%d %H:%i') as end_datetime,
                            DATE_FORMAT(r.registration_date, '%Y-%m-%d %H:%i') as registration_date,
                            r.attendance_status,
                            f.rating,
                            f.comments,
                            CASE 
                                WHEN e.end_datetime < NOW() THEN 'completed'
                                WHEN e.start_datetime > NOW() THEN 'upcoming'
                                ELSE 'ongoing'
                            END as event_status
                        FROM registrations r
                        INNER JOIN events e ON r.event_id = e.event_id
                        LEFT JOIN feedback f ON e.event_id = f.event_id AND f.user_id = r.user_id
                        WHERE r.user_id = ?
                        ORDER BY e.start_datetime DESC
[30-Apr-2025 03:08:22 Europe/Berlin] With user_id: 13
[30-Apr-2025 03:08:22 Europe/Berlin] Found 5 events
[30-Apr-2025 03:09:59 Europe/Berlin] Starting registration_action.php
[30-Apr-2025 03:09:59 Europe/Berlin] Session data: Array
(
    [user_id] => 13
    [full_name] => steve Nsabimana
    [role] => student
    [first_name] => steve
)

[30-Apr-2025 03:09:59 Europe/Berlin] POST data: Array
(
    [action] => getRegisteredEvents
)

[30-Apr-2025 03:09:59 Europe/Berlin] Executing query: SELECT 
                            e.event_id,
                            e.title,
                            e.category,
                            e.location,
                            DATE_FORMAT(e.start_datetime, '%Y-%m-%d %H:%i') as start_datetime,
                            DATE_FORMAT(e.end_datetime, '%Y-%m-%d %H:%i') as end_datetime,
                            DATE_FORMAT(r.registration_date, '%Y-%m-%d %H:%i') as registration_date,
                            r.attendance_status,
                            f.rating,
                            f.comments,
                            CASE 
                                WHEN e.end_datetime < NOW() THEN 'completed'
                                WHEN e.start_datetime > NOW() THEN 'upcoming'
                                ELSE 'ongoing'
                            END as event_status
                        FROM registrations r
                        INNER JOIN events e ON r.event_id = e.event_id
                        LEFT JOIN feedback f ON e.event_id = f.event_id AND f.user_id = r.user_id
                        WHERE r.user_id = ?
                        ORDER BY e.start_datetime DESC
[30-Apr-2025 03:09:59 Europe/Berlin] With user_id: 13
[30-Apr-2025 03:09:59 Europe/Berlin] Found 5 events
[30-Apr-2025 03:10:28 Europe/Berlin] Starting registration_action.php
[30-Apr-2025 03:10:28 Europe/Berlin] Session data: Array
(
    [user_id] => 13
    [full_name] => steve Nsabimana
    [role] => student
    [first_name] => steve
)

[30-Apr-2025 03:10:28 Europe/Berlin] POST data: Array
(
    [action] => getRegisteredEvents
)

[30-Apr-2025 03:10:28 Europe/Berlin] Executing query: SELECT 
                            e.event_id,
                            e.title,
                            e.category,
                            e.location,
                            DATE_FORMAT(e.start_datetime, '%Y-%m-%d %H:%i') as start_datetime,
                            DATE_FORMAT(e.end_datetime, '%Y-%m-%d %H:%i') as end_datetime,
                            DATE_FORMAT(r.registration_date, '%Y-%m-%d %H:%i') as registration_date,
                            r.attendance_status,
                            f.rating,
                            f.comments,
                            CASE 
                                WHEN e.end_datetime < NOW() THEN 'completed'
                                WHEN e.start_datetime > NOW() THEN 'upcoming'
                                ELSE 'ongoing'
                            END as event_status
                        FROM registrations r
                        INNER JOIN events e ON r.event_id = e.event_id
                        LEFT JOIN feedback f ON e.event_id = f.event_id AND f.user_id = r.user_id
                        WHERE r.user_id = ?
                        ORDER BY e.start_datetime DESC
[30-Apr-2025 03:10:28 Europe/Berlin] With user_id: 13
[30-Apr-2025 03:10:28 Europe/Berlin] Found 5 events
[30-Apr-2025 03:15:24 Europe/Berlin] Starting registration_action.php
[30-Apr-2025 03:15:24 Europe/Berlin] Session data: Array
(
    [user_id] => 13
    [full_name] => steve Nsabimana
    [role] => student
    [first_name] => steve
)

[30-Apr-2025 03:15:24 Europe/Berlin] POST data: Array
(
    [action] => getRegisteredEvents
)

[30-Apr-2025 03:15:24 Europe/Berlin] Executing query: SELECT 
                            e.event_id,
                            e.title,
                            e.category,
                            e.location,
                            DATE_FORMAT(e.start_datetime, '%Y-%m-%d %H:%i') as start_datetime,
                            DATE_FORMAT(e.end_datetime, '%Y-%m-%d %H:%i') as end_datetime,
                            DATE_FORMAT(r.registration_date, '%Y-%m-%d %H:%i') as registration_date,
                            r.attendance_status,
                            f.rating,
                            f.comments,
                            CASE 
                                WHEN e.end_datetime < NOW() THEN 'completed'
                                WHEN e.start_datetime > NOW() THEN 'upcoming'
                                ELSE 'ongoing'
                            END as event_status
                        FROM registrations r
                        INNER JOIN events e ON r.event_id = e.event_id
                        LEFT JOIN feedback f ON e.event_id = f.event_id AND f.user_id = r.user_id
                        WHERE r.user_id = ?
                        ORDER BY e.start_datetime DESC
[30-Apr-2025 03:15:24 Europe/Berlin] With user_id: 13
[30-Apr-2025 03:15:24 Europe/Berlin] Found 5 events
[30-Apr-2025 03:15:26 Europe/Berlin] Starting registration_action.php
[30-Apr-2025 03:15:26 Europe/Berlin] Session data: Array
(
    [user_id] => 13
    [full_name] => steve Nsabimana
    [role] => student
    [first_name] => steve
)

[30-Apr-2025 03:15:26 Europe/Berlin] POST data: Array
(
    [action] => getRegisteredEvents
)

[30-Apr-2025 03:15:26 Europe/Berlin] Executing query: SELECT 
                            e.event_id,
                            e.title,
                            e.category,
                            e.location,
                            DATE_FORMAT(e.start_datetime, '%Y-%m-%d %H:%i') as start_datetime,
                            DATE_FORMAT(e.end_datetime, '%Y-%m-%d %H:%i') as end_datetime,
                            DATE_FORMAT(r.registration_date, '%Y-%m-%d %H:%i') as registration_date,
                            r.attendance_status,
                            f.rating,
                            f.comments,
                            CASE 
                                WHEN e.end_datetime < NOW() THEN 'completed'
                                WHEN e.start_datetime > NOW() THEN 'upcoming'
                                ELSE 'ongoing'
                            END as event_status
                        FROM registrations r
                        INNER JOIN events e ON r.event_id = e.event_id
                        LEFT JOIN feedback f ON e.event_id = f.event_id AND f.user_id = r.user_id
                        WHERE r.user_id = ?
                        ORDER BY e.start_datetime DESC
[30-Apr-2025 03:15:26 Europe/Berlin] With user_id: 13
[30-Apr-2025 03:15:26 Europe/Berlin] Found 5 events
[30-Apr-2025 03:15:37 Europe/Berlin] Starting registration_action.php
[30-Apr-2025 03:15:37 Europe/Berlin] Session data: Array
(
    [user_id] => 13
    [full_name] => steve Nsabimana
    [role] => student
    [first_name] => steve
)

[30-Apr-2025 03:15:37 Europe/Berlin] POST data: Array
(
    [action] => getRegisteredEvents
)

[30-Apr-2025 03:15:37 Europe/Berlin] Executing query: SELECT 
                            e.event_id,
                            e.title,
                            e.category,
                            e.location,
                            DATE_FORMAT(e.start_datetime, '%Y-%m-%d %H:%i') as start_datetime,
                            DATE_FORMAT(e.end_datetime, '%Y-%m-%d %H:%i') as end_datetime,
                            DATE_FORMAT(r.registration_date, '%Y-%m-%d %H:%i') as registration_date,
                            r.attendance_status,
                            f.rating,
                            f.comments,
                            CASE 
                                WHEN e.end_datetime < NOW() THEN 'completed'
                                WHEN e.start_datetime > NOW() THEN 'upcoming'
                                ELSE 'ongoing'
                            END as event_status
                        FROM registrations r
                        INNER JOIN events e ON r.event_id = e.event_id
                        LEFT JOIN feedback f ON e.event_id = f.event_id AND f.user_id = r.user_id
                        WHERE r.user_id = ?
                        ORDER BY e.start_datetime DESC
[30-Apr-2025 03:15:37 Europe/Berlin] With user_id: 13
[30-Apr-2025 03:15:37 Europe/Berlin] Found 5 events
[30-Apr-2025 03:16:13 Europe/Berlin] Starting registration_action.php
[30-Apr-2025 03:16:13 Europe/Berlin] Session data: Array
(
    [user_id] => 13
    [full_name] => steve Nsabimana
    [role] => student
    [first_name] => steve
)

[30-Apr-2025 03:16:13 Europe/Berlin] POST data: Array
(
    [action] => getRegisteredEvents
)

[30-Apr-2025 03:16:13 Europe/Berlin] Executing query: SELECT 
                            e.event_id,
                            e.title,
                            e.category,
                            e.location,
                            DATE_FORMAT(e.start_datetime, '%Y-%m-%d %H:%i') as start_datetime,
                            DATE_FORMAT(e.end_datetime, '%Y-%m-%d %H:%i') as end_datetime,
                            DATE_FORMAT(r.registration_date, '%Y-%m-%d %H:%i') as registration_date,
                            r.attendance_status,
                            f.rating,
                            f.comments,
                            CASE 
                                WHEN e.end_datetime < NOW() THEN 'completed'
                                WHEN e.start_datetime > NOW() THEN 'upcoming'
                                ELSE 'ongoing'
                            END as event_status
                        FROM registrations r
                        INNER JOIN events e ON r.event_id = e.event_id
                        LEFT JOIN feedback f ON e.event_id = f.event_id AND f.user_id = r.user_id
                        WHERE r.user_id = ?
                        ORDER BY e.start_datetime DESC
[30-Apr-2025 03:16:13 Europe/Berlin] With user_id: 13
[30-Apr-2025 03:16:13 Europe/Berlin] Found 5 events
[30-Apr-2025 03:16:14 Europe/Berlin] Starting registration_action.php
[30-Apr-2025 03:16:14 Europe/Berlin] Session data: Array
(
    [user_id] => 13
    [full_name] => steve Nsabimana
    [role] => student
    [first_name] => steve
)

[30-Apr-2025 03:16:14 Europe/Berlin] POST data: Array
(
    [action] => getRegisteredEvents
)

[30-Apr-2025 03:16:14 Europe/Berlin] Executing query: SELECT 
                            e.event_id,
                            e.title,
                            e.category,
                            e.location,
                            DATE_FORMAT(e.start_datetime, '%Y-%m-%d %H:%i') as start_datetime,
                            DATE_FORMAT(e.end_datetime, '%Y-%m-%d %H:%i') as end_datetime,
                            DATE_FORMAT(r.registration_date, '%Y-%m-%d %H:%i') as registration_date,
                            r.attendance_status,
                            f.rating,
                            f.comments,
                            CASE 
                                WHEN e.end_datetime < NOW() THEN 'completed'
                                WHEN e.start_datetime > NOW() THEN 'upcoming'
                                ELSE 'ongoing'
                            END as event_status
                        FROM registrations r
                        INNER JOIN events e ON r.event_id = e.event_id
                        LEFT JOIN feedback f ON e.event_id = f.event_id AND f.user_id = r.user_id
                        WHERE r.user_id = ?
                        ORDER BY e.start_datetime DESC
[30-Apr-2025 03:16:14 Europe/Berlin] With user_id: 13
[30-Apr-2025 03:16:14 Europe/Berlin] Found 5 events
[30-Apr-2025 03:16:14 Europe/Berlin] Starting registration_action.php
[30-Apr-2025 03:16:14 Europe/Berlin] Session data: Array
(
    [user_id] => 13
    [full_name] => steve Nsabimana
    [role] => student
    [first_name] => steve
)

[30-Apr-2025 03:16:14 Europe/Berlin] POST data: Array
(
    [action] => getRegisteredEvents
)

[30-Apr-2025 03:16:14 Europe/Berlin] Executing query: SELECT 
                            e.event_id,
                            e.title,
                            e.category,
                            e.location,
                            DATE_FORMAT(e.start_datetime, '%Y-%m-%d %H:%i') as start_datetime,
                            DATE_FORMAT(e.end_datetime, '%Y-%m-%d %H:%i') as end_datetime,
                            DATE_FORMAT(r.registration_date, '%Y-%m-%d %H:%i') as registration_date,
                            r.attendance_status,
                            f.rating,
                            f.comments,
                            CASE 
                                WHEN e.end_datetime < NOW() THEN 'completed'
                                WHEN e.start_datetime > NOW() THEN 'upcoming'
                                ELSE 'ongoing'
                            END as event_status
                        FROM registrations r
                        INNER JOIN events e ON r.event_id = e.event_id
                        LEFT JOIN feedback f ON e.event_id = f.event_id AND f.user_id = r.user_id
                        WHERE r.user_id = ?
                        ORDER BY e.start_datetime DESC
[30-Apr-2025 03:16:14 Europe/Berlin] With user_id: 13
[30-Apr-2025 03:16:14 Europe/Berlin] Found 5 events
[30-Apr-2025 03:16:38 Europe/Berlin] Starting registration_action.php
[30-Apr-2025 03:16:38 Europe/Berlin] Session data: Array
(
    [user_id] => 13
    [full_name] => steve Nsabimana
    [role] => student
    [first_name] => steve
)

[30-Apr-2025 03:16:38 Europe/Berlin] POST data: Array
(
    [action] => getRegisteredEvents
)

[30-Apr-2025 03:16:38 Europe/Berlin] Executing query: SELECT 
                            e.event_id,
                            e.title,
                            e.category,
                            e.location,
                            DATE_FORMAT(e.start_datetime, '%Y-%m-%d %H:%i') as start_datetime,
                            DATE_FORMAT(e.end_datetime, '%Y-%m-%d %H:%i') as end_datetime,
                            DATE_FORMAT(r.registration_date, '%Y-%m-%d %H:%i') as registration_date,
                            r.attendance_status,
                            f.rating,
                            f.comments,
                            CASE 
                                WHEN e.end_datetime < NOW() THEN 'completed'
                                WHEN e.start_datetime > NOW() THEN 'upcoming'
                                ELSE 'ongoing'
                            END as event_status
                        FROM registrations r
                        INNER JOIN events e ON r.event_id = e.event_id
                        LEFT JOIN feedback f ON e.event_id = f.event_id AND f.user_id = r.user_id
                        WHERE r.user_id = ?
                        ORDER BY e.start_datetime DESC
[30-Apr-2025 03:16:38 Europe/Berlin] With user_id: 13
[30-Apr-2025 03:16:38 Europe/Berlin] Found 5 events
[30-Apr-2025 03:17:00 Europe/Berlin] Starting registration_action.php
[30-Apr-2025 03:17:00 Europe/Berlin] Session data: Array
(
    [user_id] => 13
    [full_name] => steve Nsabimana
    [role] => student
    [first_name] => steve
)

[30-Apr-2025 03:17:00 Europe/Berlin] POST data: Array
(
    [action] => getRegisteredEvents
)

[30-Apr-2025 03:17:00 Europe/Berlin] Executing query: SELECT 
                            e.event_id,
                            e.title,
                            e.category,
                            e.location,
                            DATE_FORMAT(e.start_datetime, '%Y-%m-%d %H:%i') as start_datetime,
                            DATE_FORMAT(e.end_datetime, '%Y-%m-%d %H:%i') as end_datetime,
                            DATE_FORMAT(r.registration_date, '%Y-%m-%d %H:%i') as registration_date,
                            r.attendance_status,
                            f.rating,
                            f.comments,
                            CASE 
                                WHEN e.end_datetime < NOW() THEN 'completed'
                                WHEN e.start_datetime > NOW() THEN 'upcoming'
                                ELSE 'ongoing'
                            END as event_status
                        FROM registrations r
                        INNER JOIN events e ON r.event_id = e.event_id
                        LEFT JOIN feedback f ON e.event_id = f.event_id AND f.user_id = r.user_id
                        WHERE r.user_id = ?
                        ORDER BY e.start_datetime DESC
[30-Apr-2025 03:17:00 Europe/Berlin] With user_id: 13
[30-Apr-2025 03:17:00 Europe/Berlin] Found 5 events
[30-Apr-2025 03:17:01 Europe/Berlin] Starting registration_action.php
[30-Apr-2025 03:17:01 Europe/Berlin] Session data: Array
(
    [user_id] => 13
    [full_name] => steve Nsabimana
    [role] => student
    [first_name] => steve
)

[30-Apr-2025 03:17:01 Europe/Berlin] POST data: Array
(
    [action] => getRegisteredEvents
)

[30-Apr-2025 03:17:01 Europe/Berlin] Executing query: SELECT 
                            e.event_id,
                            e.title,
                            e.category,
                            e.location,
                            DATE_FORMAT(e.start_datetime, '%Y-%m-%d %H:%i') as start_datetime,
                            DATE_FORMAT(e.end_datetime, '%Y-%m-%d %H:%i') as end_datetime,
                            DATE_FORMAT(r.registration_date, '%Y-%m-%d %H:%i') as registration_date,
                            r.attendance_status,
                            f.rating,
                            f.comments,
                            CASE 
                                WHEN e.end_datetime < NOW() THEN 'completed'
                                WHEN e.start_datetime > NOW() THEN 'upcoming'
                                ELSE 'ongoing'
                            END as event_status
                        FROM registrations r
                        INNER JOIN events e ON r.event_id = e.event_id
                        LEFT JOIN feedback f ON e.event_id = f.event_id AND f.user_id = r.user_id
                        WHERE r.user_id = ?
                        ORDER BY e.start_datetime DESC
[30-Apr-2025 03:17:01 Europe/Berlin] With user_id: 13
[30-Apr-2025 03:17:01 Europe/Berlin] Found 5 events
[30-Apr-2025 03:17:06 Europe/Berlin] Starting registration_action.php
[30-Apr-2025 03:17:06 Europe/Berlin] Session data: Array
(
    [user_id] => 13
    [full_name] => steve Nsabimana
    [role] => student
    [first_name] => steve
)

[30-Apr-2025 03:17:06 Europe/Berlin] POST data: Array
(
    [action] => getRegisteredEvents
)

[30-Apr-2025 03:17:06 Europe/Berlin] Executing query: SELECT 
                            e.event_id,
                            e.title,
                            e.category,
                            e.location,
                            DATE_FORMAT(e.start_datetime, '%Y-%m-%d %H:%i') as start_datetime,
                            DATE_FORMAT(e.end_datetime, '%Y-%m-%d %H:%i') as end_datetime,
                            DATE_FORMAT(r.registration_date, '%Y-%m-%d %H:%i') as registration_date,
                            r.attendance_status,
                            f.rating,
                            f.comments,
                            CASE 
                                WHEN e.end_datetime < NOW() THEN 'completed'
                                WHEN e.start_datetime > NOW() THEN 'upcoming'
                                ELSE 'ongoing'
                            END as event_status
                        FROM registrations r
                        INNER JOIN events e ON r.event_id = e.event_id
                        LEFT JOIN feedback f ON e.event_id = f.event_id AND f.user_id = r.user_id
                        WHERE r.user_id = ?
                        ORDER BY e.start_datetime DESC
[30-Apr-2025 03:17:06 Europe/Berlin] With user_id: 13
[30-Apr-2025 03:17:06 Europe/Berlin] Found 5 events
[30-Apr-2025 03:17:11 Europe/Berlin] Starting registration_action.php
[30-Apr-2025 03:17:11 Europe/Berlin] Session data: Array
(
    [user_id] => 13
    [full_name] => steve Nsabimana
    [role] => student
    [first_name] => steve
)

[30-Apr-2025 03:17:11 Europe/Berlin] POST data: Array
(
    [action] => getRegisteredEvents
)

[30-Apr-2025 03:17:11 Europe/Berlin] Executing query: SELECT 
                            e.event_id,
                            e.title,
                            e.category,
                            e.location,
                            DATE_FORMAT(e.start_datetime, '%Y-%m-%d %H:%i') as start_datetime,
                            DATE_FORMAT(e.end_datetime, '%Y-%m-%d %H:%i') as end_datetime,
                            DATE_FORMAT(r.registration_date, '%Y-%m-%d %H:%i') as registration_date,
                            r.attendance_status,
                            f.rating,
                            f.comments,
                            CASE 
                                WHEN e.end_datetime < NOW() THEN 'completed'
                                WHEN e.start_datetime > NOW() THEN 'upcoming'
                                ELSE 'ongoing'
                            END as event_status
                        FROM registrations r
                        INNER JOIN events e ON r.event_id = e.event_id
                        LEFT JOIN feedback f ON e.event_id = f.event_id AND f.user_id = r.user_id
                        WHERE r.user_id = ?
                        ORDER BY e.start_datetime DESC
[30-Apr-2025 03:17:11 Europe/Berlin] With user_id: 13
[30-Apr-2025 03:17:11 Europe/Berlin] Found 5 events
[30-Apr-2025 03:20:00 Europe/Berlin] Starting registration_action.php
[30-Apr-2025 03:20:00 Europe/Berlin] Session data: Array
(
    [user_id] => 13
    [full_name] => steve Nsabimana
    [role] => student
    [first_name] => steve
)

[30-Apr-2025 03:20:00 Europe/Berlin] POST data: Array
(
    [action] => getRegisteredEvents
)

[30-Apr-2025 03:20:00 Europe/Berlin] Executing query: SELECT 
                            e.event_id,
                            e.title,
                            e.category,
                            e.location,
                            DATE_FORMAT(e.start_datetime, '%Y-%m-%d %H:%i') as start_datetime,
                            DATE_FORMAT(e.end_datetime, '%Y-%m-%d %H:%i') as end_datetime,
                            DATE_FORMAT(r.registration_date, '%Y-%m-%d %H:%i') as registration_date,
                            r.attendance_status,
                            f.rating,
                            f.comments,
                            CASE 
                                WHEN e.end_datetime < NOW() THEN 'completed'
                                WHEN e.start_datetime > NOW() THEN 'upcoming'
                                ELSE 'ongoing'
                            END as event_status
                        FROM registrations r
                        INNER JOIN events e ON r.event_id = e.event_id
                        LEFT JOIN feedback f ON e.event_id = f.event_id AND f.user_id = r.user_id
                        WHERE r.user_id = ?
                        ORDER BY e.start_datetime DESC
[30-Apr-2025 03:20:00 Europe/Berlin] With user_id: 13
[30-Apr-2025 03:20:00 Europe/Berlin] Found 5 events
[30-Apr-2025 03:20:01 Europe/Berlin] Starting registration_action.php
[30-Apr-2025 03:20:01 Europe/Berlin] Session data: Array
(
    [user_id] => 13
    [full_name] => steve Nsabimana
    [role] => student
    [first_name] => steve
)

[30-Apr-2025 03:20:01 Europe/Berlin] POST data: Array
(
    [action] => getRegisteredEvents
)

[30-Apr-2025 03:20:01 Europe/Berlin] Executing query: SELECT 
                            e.event_id,
                            e.title,
                            e.category,
                            e.location,
                            DATE_FORMAT(e.start_datetime, '%Y-%m-%d %H:%i') as start_datetime,
                            DATE_FORMAT(e.end_datetime, '%Y-%m-%d %H:%i') as end_datetime,
                            DATE_FORMAT(r.registration_date, '%Y-%m-%d %H:%i') as registration_date,
                            r.attendance_status,
                            f.rating,
                            f.comments,
                            CASE 
                                WHEN e.end_datetime < NOW() THEN 'completed'
                                WHEN e.start_datetime > NOW() THEN 'upcoming'
                                ELSE 'ongoing'
                            END as event_status
                        FROM registrations r
                        INNER JOIN events e ON r.event_id = e.event_id
                        LEFT JOIN feedback f ON e.event_id = f.event_id AND f.user_id = r.user_id
                        WHERE r.user_id = ?
                        ORDER BY e.start_datetime DESC
[30-Apr-2025 03:20:01 Europe/Berlin] With user_id: 13
[30-Apr-2025 03:20:01 Europe/Berlin] Found 5 events
[30-Apr-2025 03:20:01 Europe/Berlin] Starting registration_action.php
[30-Apr-2025 03:20:01 Europe/Berlin] Session data: Array
(
    [user_id] => 13
    [full_name] => steve Nsabimana
    [role] => student
    [first_name] => steve
)

[30-Apr-2025 03:20:01 Europe/Berlin] POST data: Array
(
    [action] => getRegisteredEvents
)

[30-Apr-2025 03:20:01 Europe/Berlin] Executing query: SELECT 
                            e.event_id,
                            e.title,
                            e.category,
                            e.location,
                            DATE_FORMAT(e.start_datetime, '%Y-%m-%d %H:%i') as start_datetime,
                            DATE_FORMAT(e.end_datetime, '%Y-%m-%d %H:%i') as end_datetime,
                            DATE_FORMAT(r.registration_date, '%Y-%m-%d %H:%i') as registration_date,
                            r.attendance_status,
                            f.rating,
                            f.comments,
                            CASE 
                                WHEN e.end_datetime < NOW() THEN 'completed'
                                WHEN e.start_datetime > NOW() THEN 'upcoming'
                                ELSE 'ongoing'
                            END as event_status
                        FROM registrations r
                        INNER JOIN events e ON r.event_id = e.event_id
                        LEFT JOIN feedback f ON e.event_id = f.event_id AND f.user_id = r.user_id
                        WHERE r.user_id = ?
                        ORDER BY e.start_datetime DESC
[30-Apr-2025 03:20:01 Europe/Berlin] With user_id: 13
[30-Apr-2025 03:20:01 Europe/Berlin] Found 5 events
[30-Apr-2025 03:20:01 Europe/Berlin] Starting registration_action.php
[30-Apr-2025 03:20:01 Europe/Berlin] Session data: Array
(
    [user_id] => 13
    [full_name] => steve Nsabimana
    [role] => student
    [first_name] => steve
)

[30-Apr-2025 03:20:01 Europe/Berlin] POST data: Array
(
    [action] => getRegisteredEvents
)

[30-Apr-2025 03:20:01 Europe/Berlin] Executing query: SELECT 
                            e.event_id,
                            e.title,
                            e.category,
                            e.location,
                            DATE_FORMAT(e.start_datetime, '%Y-%m-%d %H:%i') as start_datetime,
                            DATE_FORMAT(e.end_datetime, '%Y-%m-%d %H:%i') as end_datetime,
                            DATE_FORMAT(r.registration_date, '%Y-%m-%d %H:%i') as registration_date,
                            r.attendance_status,
                            f.rating,
                            f.comments,
                            CASE 
                                WHEN e.end_datetime < NOW() THEN 'completed'
                                WHEN e.start_datetime > NOW() THEN 'upcoming'
                                ELSE 'ongoing'
                            END as event_status
                        FROM registrations r
                        INNER JOIN events e ON r.event_id = e.event_id
                        LEFT JOIN feedback f ON e.event_id = f.event_id AND f.user_id = r.user_id
                        WHERE r.user_id = ?
                        ORDER BY e.start_datetime DESC
[30-Apr-2025 03:20:01 Europe/Berlin] With user_id: 13
[30-Apr-2025 03:20:01 Europe/Berlin] Found 5 events
[30-Apr-2025 03:20:04 Europe/Berlin] Starting registration_action.php
[30-Apr-2025 03:20:04 Europe/Berlin] Session data: Array
(
    [user_id] => 13
    [full_name] => steve Nsabimana
    [role] => student
    [first_name] => steve
)

[30-Apr-2025 03:20:04 Europe/Berlin] POST data: Array
(
    [action] => getRegisteredEvents
)

[30-Apr-2025 03:20:04 Europe/Berlin] Executing query: SELECT 
                            e.event_id,
                            e.title,
                            e.category,
                            e.location,
                            DATE_FORMAT(e.start_datetime, '%Y-%m-%d %H:%i') as start_datetime,
                            DATE_FORMAT(e.end_datetime, '%Y-%m-%d %H:%i') as end_datetime,
                            DATE_FORMAT(r.registration_date, '%Y-%m-%d %H:%i') as registration_date,
                            r.attendance_status,
                            f.rating,
                            f.comments,
                            CASE 
                                WHEN e.end_datetime < NOW() THEN 'completed'
                                WHEN e.start_datetime > NOW() THEN 'upcoming'
                                ELSE 'ongoing'
                            END as event_status
                        FROM registrations r
                        INNER JOIN events e ON r.event_id = e.event_id
                        LEFT JOIN feedback f ON e.event_id = f.event_id AND f.user_id = r.user_id
                        WHERE r.user_id = ?
                        ORDER BY e.start_datetime DESC
[30-Apr-2025 03:20:04 Europe/Berlin] With user_id: 13
[30-Apr-2025 03:20:04 Europe/Berlin] Found 5 events
[30-Apr-2025 03:20:52 Europe/Berlin] Starting registration_action.php
[30-Apr-2025 03:20:52 Europe/Berlin] Session data: Array
(
    [user_id] => 13
    [full_name] => steve Nsabimana
    [role] => student
    [first_name] => steve
)

[30-Apr-2025 03:20:52 Europe/Berlin] POST data: Array
(
    [action] => cancelRegistration
    [event_id] => 9
)

[30-Apr-2025 03:20:54 Europe/Berlin] Starting registration_action.php
[30-Apr-2025 03:20:54 Europe/Berlin] Session data: Array
(
    [user_id] => 13
    [full_name] => steve Nsabimana
    [role] => student
    [first_name] => steve
)

[30-Apr-2025 03:20:54 Europe/Berlin] POST data: Array
(
    [action] => getRegisteredEvents
)

[30-Apr-2025 03:20:54 Europe/Berlin] Executing query: SELECT 
                            e.event_id,
                            e.title,
                            e.category,
                            e.location,
                            DATE_FORMAT(e.start_datetime, '%Y-%m-%d %H:%i') as start_datetime,
                            DATE_FORMAT(e.end_datetime, '%Y-%m-%d %H:%i') as end_datetime,
                            DATE_FORMAT(r.registration_date, '%Y-%m-%d %H:%i') as registration_date,
                            r.attendance_status,
                            f.rating,
                            f.comments,
                            CASE 
                                WHEN e.end_datetime < NOW() THEN 'completed'
                                WHEN e.start_datetime > NOW() THEN 'upcoming'
                                ELSE 'ongoing'
                            END as event_status
                        FROM registrations r
                        INNER JOIN events e ON r.event_id = e.event_id
                        LEFT JOIN feedback f ON e.event_id = f.event_id AND f.user_id = r.user_id
                        WHERE r.user_id = ?
                        ORDER BY e.start_datetime DESC
[30-Apr-2025 03:20:54 Europe/Berlin] With user_id: 13
[30-Apr-2025 03:20:54 Europe/Berlin] Found 4 events
[01-May-2025 13:47:17 Europe/Berlin] Starting registration_action.php
[01-May-2025 13:47:17 Europe/Berlin] Session data: Array
(
    [user_id] => 13
    [full_name] => steve Nsabimana
    [role] => student
    [first_name] => steve
)

[01-May-2025 13:47:17 Europe/Berlin] POST data: Array
(
    [action] => getRegisteredEvents
)

[01-May-2025 13:47:17 Europe/Berlin] Executing query: SELECT 
                            e.event_id,
                            e.title,
                            e.category,
                            e.location,
                            DATE_FORMAT(e.start_datetime, '%Y-%m-%d %H:%i') as start_datetime,
                            DATE_FORMAT(e.end_datetime, '%Y-%m-%d %H:%i') as end_datetime,
                            DATE_FORMAT(r.registration_date, '%Y-%m-%d %H:%i') as registration_date,
                            r.attendance_status,
                            f.rating,
                            f.comments,
                            CASE 
                                WHEN e.end_datetime < NOW() THEN 'completed'
                                WHEN e.start_datetime > NOW() THEN 'upcoming'
                                ELSE 'ongoing'
                            END as event_status
                        FROM registrations r
                        INNER JOIN events e ON r.event_id = e.event_id
                        LEFT JOIN feedback f ON e.event_id = f.event_id AND f.user_id = r.user_id
                        WHERE r.user_id = ?
                        ORDER BY e.start_datetime DESC
[01-May-2025 13:47:17 Europe/Berlin] With user_id: 13
[01-May-2025 13:47:17 Europe/Berlin] Found 4 events
[01-May-2025 13:58:21 Europe/Berlin] Starting registration_action.php
[01-May-2025 13:58:21 Europe/Berlin] Session data: Array
(
    [user_id] => 13
    [full_name] => steve Nsabimana
    [role] => student
    [first_name] => steve
)

[01-May-2025 13:58:21 Europe/Berlin] POST data: Array
(
    [action] => getRegisteredEvents
)

[01-May-2025 13:58:21 Europe/Berlin] Executing query: SELECT 
                            e.event_id,
                            e.title,
                            e.category,
                            e.location,
                            DATE_FORMAT(e.start_datetime, '%Y-%m-%d %H:%i') as start_datetime,
                            DATE_FORMAT(e.end_datetime, '%Y-%m-%d %H:%i') as end_datetime,
                            DATE_FORMAT(r.registration_date, '%Y-%m-%d %H:%i') as registration_date,
                            r.attendance_status,
                            f.rating,
                            f.comments,
                            CASE 
                                WHEN e.end_datetime < NOW() THEN 'completed'
                                WHEN e.start_datetime > NOW() THEN 'upcoming'
                                ELSE 'ongoing'
                            END as event_status
                        FROM registrations r
                        INNER JOIN events e ON r.event_id = e.event_id
                        LEFT JOIN feedback f ON e.event_id = f.event_id AND f.user_id = r.user_id
                        WHERE r.user_id = ?
                        ORDER BY e.start_datetime DESC
[01-May-2025 13:58:21 Europe/Berlin] With user_id: 13
[01-May-2025 13:58:21 Europe/Berlin] Found 4 events
[01-May-2025 14:06:21 Europe/Berlin] Starting registration_action.php
[01-May-2025 14:06:21 Europe/Berlin] Session data: Array
(
    [user_id] => 13
    [full_name] => steve Nsabimana
    [role] => student
    [first_name] => steve
)

[01-May-2025 14:06:21 Europe/Berlin] POST data: Array
(
    [action] => getRegisteredEvents
)

[01-May-2025 14:06:21 Europe/Berlin] Executing query: SELECT 
                            e.event_id,
                            e.title,
                            e.category,
                            e.location,
                            DATE_FORMAT(e.start_datetime, '%Y-%m-%d %H:%i') as start_datetime,
                            DATE_FORMAT(e.end_datetime, '%Y-%m-%d %H:%i') as end_datetime,
                            DATE_FORMAT(r.registration_date, '%Y-%m-%d %H:%i') as registration_date,
                            r.attendance_status,
                            f.rating,
                            f.comments,
                            CASE 
                                WHEN e.end_datetime < NOW() THEN 'completed'
                                WHEN e.start_datetime > NOW() THEN 'upcoming'
                                ELSE 'ongoing'
                            END as event_status
                        FROM registrations r
                        INNER JOIN events e ON r.event_id = e.event_id
                        LEFT JOIN feedback f ON e.event_id = f.event_id AND f.user_id = r.user_id
                        WHERE r.user_id = ?
                        ORDER BY e.start_datetime DESC
[01-May-2025 14:06:21 Europe/Berlin] With user_id: 13
[01-May-2025 14:06:21 Europe/Berlin] Found 4 events
[01-May-2025 14:09:46 Europe/Berlin] Starting registration_action.php
[01-May-2025 14:09:46 Europe/Berlin] Session data: Array
(
    [user_id] => 13
    [full_name] => steve Nsabimana
    [role] => student
    [first_name] => steve
)

[01-May-2025 14:09:46 Europe/Berlin] POST data: Array
(
    [action] => getRegisteredEvents
)

[01-May-2025 14:09:46 Europe/Berlin] Executing query: SELECT 
                            e.event_id,
                            e.title,
                            e.category,
                            e.location,
                            DATE_FORMAT(e.start_datetime, '%Y-%m-%d %H:%i') as start_datetime,
                            DATE_FORMAT(e.end_datetime, '%Y-%m-%d %H:%i') as end_datetime,
                            DATE_FORMAT(r.registration_date, '%Y-%m-%d %H:%i') as registration_date,
                            r.attendance_status,
                            f.rating,
                            f.comments,
                            CASE 
                                WHEN e.end_datetime < NOW() THEN 'completed'
                                WHEN e.start_datetime > NOW() THEN 'upcoming'
                                ELSE 'ongoing'
                            END as event_status
                        FROM registrations r
                        INNER JOIN events e ON r.event_id = e.event_id
                        LEFT JOIN feedback f ON e.event_id = f.event_id AND f.user_id = r.user_id
                        WHERE r.user_id = ?
                        ORDER BY e.start_datetime DESC
[01-May-2025 14:09:46 Europe/Berlin] With user_id: 13
[01-May-2025 14:09:46 Europe/Berlin] Found 4 events
[01-May-2025 14:09:48 Europe/Berlin] Starting registration_action.php
[01-May-2025 14:09:48 Europe/Berlin] Session data: Array
(
    [user_id] => 13
    [full_name] => steve Nsabimana
    [role] => student
    [first_name] => steve
)

[01-May-2025 14:09:48 Europe/Berlin] POST data: Array
(
    [action] => getRegisteredEvents
)

[01-May-2025 14:09:48 Europe/Berlin] Executing query: SELECT 
                            e.event_id,
                            e.title,
                            e.category,
                            e.location,
                            DATE_FORMAT(e.start_datetime, '%Y-%m-%d %H:%i') as start_datetime,
                            DATE_FORMAT(e.end_datetime, '%Y-%m-%d %H:%i') as end_datetime,
                            DATE_FORMAT(r.registration_date, '%Y-%m-%d %H:%i') as registration_date,
                            r.attendance_status,
                            f.rating,
                            f.comments,
                            CASE 
                                WHEN e.end_datetime < NOW() THEN 'completed'
                                WHEN e.start_datetime > NOW() THEN 'upcoming'
                                ELSE 'ongoing'
                            END as event_status
                        FROM registrations r
                        INNER JOIN events e ON r.event_id = e.event_id
                        LEFT JOIN feedback f ON e.event_id = f.event_id AND f.user_id = r.user_id
                        WHERE r.user_id = ?
                        ORDER BY e.start_datetime DESC
[01-May-2025 14:09:48 Europe/Berlin] With user_id: 13
[01-May-2025 14:09:48 Europe/Berlin] Found 4 events
[01-May-2025 14:10:04 Europe/Berlin] Starting registration_action.php
[01-May-2025 14:10:04 Europe/Berlin] Session data: Array
(
    [user_id] => 13
    [full_name] => steve Nsabimana
    [role] => student
    [first_name] => steve
)

[01-May-2025 14:10:04 Europe/Berlin] POST data: Array
(
    [action] => getRegisteredEvents
)

[01-May-2025 14:10:04 Europe/Berlin] Executing query: SELECT 
                            e.event_id,
                            e.title,
                            e.category,
                            e.location,
                            DATE_FORMAT(e.start_datetime, '%Y-%m-%d %H:%i') as start_datetime,
                            DATE_FORMAT(e.end_datetime, '%Y-%m-%d %H:%i') as end_datetime,
                            DATE_FORMAT(r.registration_date, '%Y-%m-%d %H:%i') as registration_date,
                            r.attendance_status,
                            f.rating,
                            f.comments,
                            CASE 
                                WHEN e.end_datetime < NOW() THEN 'completed'
                                WHEN e.start_datetime > NOW() THEN 'upcoming'
                                ELSE 'ongoing'
                            END as event_status
                        FROM registrations r
                        INNER JOIN events e ON r.event_id = e.event_id
                        LEFT JOIN feedback f ON e.event_id = f.event_id AND f.user_id = r.user_id
                        WHERE r.user_id = ?
                        ORDER BY e.start_datetime DESC
[01-May-2025 14:10:04 Europe/Berlin] With user_id: 13
[01-May-2025 14:10:04 Europe/Berlin] Found 4 events
[01-May-2025 14:12:42 Europe/Berlin] Starting registration_action.php
[01-May-2025 14:12:42 Europe/Berlin] Session data: Array
(
    [user_id] => 13
    [full_name] => steve Nsabimana
    [role] => student
    [first_name] => steve
)

[01-May-2025 14:12:42 Europe/Berlin] POST data: Array
(
    [action] => getRegisteredEvents
)

[01-May-2025 14:12:42 Europe/Berlin] Executing query: SELECT 
                            e.event_id,
                            e.title,
                            e.category,
                            e.location,
                            DATE_FORMAT(e.start_datetime, '%Y-%m-%d %H:%i') as start_datetime,
                            DATE_FORMAT(e.end_datetime, '%Y-%m-%d %H:%i') as end_datetime,
                            DATE_FORMAT(r.registration_date, '%Y-%m-%d %H:%i') as registration_date,
                            r.attendance_status,
                            f.rating,
                            f.comments,
                            CASE 
                                WHEN e.end_datetime < NOW() THEN 'completed'
                                WHEN e.start_datetime > NOW() THEN 'upcoming'
                                ELSE 'ongoing'
                            END as event_status
                        FROM registrations r
                        INNER JOIN events e ON r.event_id = e.event_id
                        LEFT JOIN feedback f ON e.event_id = f.event_id AND f.user_id = r.user_id
                        WHERE r.user_id = ?
                        ORDER BY e.start_datetime DESC
[01-May-2025 14:12:42 Europe/Berlin] With user_id: 13
[01-May-2025 14:12:42 Europe/Berlin] Found 4 events
[01-May-2025 14:12:43 Europe/Berlin] Starting registration_action.php
[01-May-2025 14:12:43 Europe/Berlin] Session data: Array
(
    [user_id] => 13
    [full_name] => steve Nsabimana
    [role] => student
    [first_name] => steve
)

[01-May-2025 14:12:43 Europe/Berlin] POST data: Array
(
    [action] => getRegisteredEvents
)

[01-May-2025 14:12:43 Europe/Berlin] Executing query: SELECT 
                            e.event_id,
                            e.title,
                            e.category,
                            e.location,
                            DATE_FORMAT(e.start_datetime, '%Y-%m-%d %H:%i') as start_datetime,
                            DATE_FORMAT(e.end_datetime, '%Y-%m-%d %H:%i') as end_datetime,
                            DATE_FORMAT(r.registration_date, '%Y-%m-%d %H:%i') as registration_date,
                            r.attendance_status,
                            f.rating,
                            f.comments,
                            CASE 
                                WHEN e.end_datetime < NOW() THEN 'completed'
                                WHEN e.start_datetime > NOW() THEN 'upcoming'
                                ELSE 'ongoing'
                            END as event_status
                        FROM registrations r
                        INNER JOIN events e ON r.event_id = e.event_id
                        LEFT JOIN feedback f ON e.event_id = f.event_id AND f.user_id = r.user_id
                        WHERE r.user_id = ?
                        ORDER BY e.start_datetime DESC
[01-May-2025 14:12:43 Europe/Berlin] With user_id: 13
[01-May-2025 14:12:43 Europe/Berlin] Found 4 events
[01-May-2025 14:12:43 Europe/Berlin] Starting registration_action.php
[01-May-2025 14:12:43 Europe/Berlin] Session data: Array
(
    [user_id] => 13
    [full_name] => steve Nsabimana
    [role] => student
    [first_name] => steve
)

[01-May-2025 14:12:43 Europe/Berlin] POST data: Array
(
    [action] => getRegisteredEvents
)

[01-May-2025 14:12:43 Europe/Berlin] Executing query: SELECT 
                            e.event_id,
                            e.title,
                            e.category,
                            e.location,
                            DATE_FORMAT(e.start_datetime, '%Y-%m-%d %H:%i') as start_datetime,
                            DATE_FORMAT(e.end_datetime, '%Y-%m-%d %H:%i') as end_datetime,
                            DATE_FORMAT(r.registration_date, '%Y-%m-%d %H:%i') as registration_date,
                            r.attendance_status,
                            f.rating,
                            f.comments,
                            CASE 
                                WHEN e.end_datetime < NOW() THEN 'completed'
                                WHEN e.start_datetime > NOW() THEN 'upcoming'
                                ELSE 'ongoing'
                            END as event_status
                        FROM registrations r
                        INNER JOIN events e ON r.event_id = e.event_id
                        LEFT JOIN feedback f ON e.event_id = f.event_id AND f.user_id = r.user_id
                        WHERE r.user_id = ?
                        ORDER BY e.start_datetime DESC
[01-May-2025 14:12:43 Europe/Berlin] With user_id: 13
[01-May-2025 14:12:43 Europe/Berlin] Found 4 events
[01-May-2025 14:14:42 Europe/Berlin] Starting registration_action.php
[01-May-2025 14:14:42 Europe/Berlin] Session data: Array
(
    [user_id] => 13
    [full_name] => steve Nsabimana
    [role] => student
    [first_name] => steve
)

[01-May-2025 14:14:42 Europe/Berlin] POST data: Array
(
    [action] => getRegisteredEvents
)

[01-May-2025 14:14:42 Europe/Berlin] Executing query: SELECT 
                            e.event_id,
                            e.title,
                            e.category,
                            e.location,
                            DATE_FORMAT(e.start_datetime, '%Y-%m-%d %H:%i') as start_datetime,
                            DATE_FORMAT(e.end_datetime, '%Y-%m-%d %H:%i') as end_datetime,
                            DATE_FORMAT(r.registration_date, '%Y-%m-%d %H:%i') as registration_date,
                            r.attendance_status,
                            f.rating,
                            f.comments,
                            CASE 
                                WHEN e.end_datetime < NOW() THEN 'completed'
                                WHEN e.start_datetime > NOW() THEN 'upcoming'
                                ELSE 'ongoing'
                            END as event_status
                        FROM registrations r
                        INNER JOIN events e ON r.event_id = e.event_id
                        LEFT JOIN feedback f ON e.event_id = f.event_id AND f.user_id = r.user_id
                        WHERE r.user_id = ?
                        ORDER BY e.start_datetime DESC
[01-May-2025 14:14:42 Europe/Berlin] With user_id: 13
[01-May-2025 14:14:42 Europe/Berlin] Found 4 events
[01-May-2025 14:28:22 Europe/Berlin] Starting registration_action.php
[01-May-2025 14:28:22 Europe/Berlin] Session data: Array
(
    [user_id] => 13
    [full_name] => steve Nsabimana
    [role] => student
    [first_name] => steve
)

[01-May-2025 14:28:22 Europe/Berlin] POST data: Array
(
    [action] => getRegisteredEvents
)

[01-May-2025 14:28:22 Europe/Berlin] Executing query: SELECT 
                            e.event_id,
                            e.title,
                            e.category,
                            e.location,
                            DATE_FORMAT(e.start_datetime, '%Y-%m-%d %H:%i') as start_datetime,
                            DATE_FORMAT(e.end_datetime, '%Y-%m-%d %H:%i') as end_datetime,
                            DATE_FORMAT(r.registration_date, '%Y-%m-%d %H:%i') as registration_date,
                            r.attendance_status,
                            f.rating,
                            f.comments,
                            CASE 
                                WHEN e.end_datetime < NOW() THEN 'completed'
                                WHEN e.start_datetime > NOW() THEN 'upcoming'
                                ELSE 'ongoing'
                            END as event_status
                        FROM registrations r
                        INNER JOIN events e ON r.event_id = e.event_id
                        LEFT JOIN feedback f ON e.event_id = f.event_id AND f.user_id = r.user_id
                        WHERE r.user_id = ?
                        ORDER BY e.start_datetime DESC
[01-May-2025 14:28:22 Europe/Berlin] With user_id: 13
[01-May-2025 14:28:22 Europe/Berlin] Found 4 events
[01-May-2025 14:28:48 Europe/Berlin] Starting registration_action.php
[01-May-2025 14:28:48 Europe/Berlin] Session data: Array
(
    [user_id] => 13
    [full_name] => steve Nsabimana
    [role] => student
    [first_name] => steve
)

[01-May-2025 14:28:48 Europe/Berlin] POST data: Array
(
    [action] => getRegisteredEvents
)

[01-May-2025 14:28:48 Europe/Berlin] Executing query: SELECT 
                            e.event_id,
                            e.title,
                            e.category,
                            e.location,
                            DATE_FORMAT(e.start_datetime, '%Y-%m-%d %H:%i') as start_datetime,
                            DATE_FORMAT(e.end_datetime, '%Y-%m-%d %H:%i') as end_datetime,
                            DATE_FORMAT(r.registration_date, '%Y-%m-%d %H:%i') as registration_date,
                            r.attendance_status,
                            f.rating,
                            f.comments,
                            CASE 
                                WHEN e.end_datetime < NOW() THEN 'completed'
                                WHEN e.start_datetime > NOW() THEN 'upcoming'
                                ELSE 'ongoing'
                            END as event_status
                        FROM registrations r
                        INNER JOIN events e ON r.event_id = e.event_id
                        LEFT JOIN feedback f ON e.event_id = f.event_id AND f.user_id = r.user_id
                        WHERE r.user_id = ?
                        ORDER BY e.start_datetime DESC
[01-May-2025 14:28:48 Europe/Berlin] With user_id: 13
[01-May-2025 14:28:48 Europe/Berlin] Found 4 events
[01-May-2025 14:28:57 Europe/Berlin] Starting feedback_action.php
[01-May-2025 14:28:57 Europe/Berlin] Session data: Array
(
    [user_id] => 13
    [full_name] => steve Nsabimana
    [role] => student
    [first_name] => steve
)

[01-May-2025 14:28:57 Europe/Berlin] POST data: Array
(
    [action] => submitFeedback
    [event_id] => 19
    [rating] => 5
    [comment] => great
)

[01-May-2025 14:28:57 Europe/Berlin] Config file not found at: C:\Users\theon\Downloads\steve\htdocs\se-final-project\views\dashboards\student\actions/../../../db/config.php
[01-May-2025 14:30:23 Europe/Berlin] Starting registration_action.php
[01-May-2025 14:30:23 Europe/Berlin] Session data: Array
(
    [user_id] => 13
    [full_name] => steve Nsabimana
    [role] => student
    [first_name] => steve
)

[01-May-2025 14:30:23 Europe/Berlin] POST data: Array
(
    [action] => getRegisteredEvents
)

[01-May-2025 14:30:23 Europe/Berlin] Executing query: SELECT 
                            e.event_id,
                            e.title,
                            e.category,
                            e.location,
                            DATE_FORMAT(e.start_datetime, '%Y-%m-%d %H:%i') as start_datetime,
                            DATE_FORMAT(e.end_datetime, '%Y-%m-%d %H:%i') as end_datetime,
                            DATE_FORMAT(r.registration_date, '%Y-%m-%d %H:%i') as registration_date,
                            r.attendance_status,
                            f.rating,
                            f.comments,
                            CASE 
                                WHEN e.end_datetime < NOW() THEN 'completed'
                                WHEN e.start_datetime > NOW() THEN 'upcoming'
                                ELSE 'ongoing'
                            END as event_status
                        FROM registrations r
                        INNER JOIN events e ON r.event_id = e.event_id
                        LEFT JOIN feedback f ON e.event_id = f.event_id AND f.user_id = r.user_id
                        WHERE r.user_id = ?
                        ORDER BY e.start_datetime DESC
[01-May-2025 14:30:23 Europe/Berlin] With user_id: 13
[01-May-2025 14:30:23 Europe/Berlin] Found 4 events
[01-May-2025 14:30:31 Europe/Berlin] Starting feedback_action.php
[01-May-2025 14:30:31 Europe/Berlin] Session data: Array
(
    [user_id] => 13
    [full_name] => steve Nsabimana
    [role] => student
    [first_name] => steve
)

[01-May-2025 14:30:31 Europe/Berlin] POST data: Array
(
    [action] => submitFeedback
    [event_id] => 19
    [rating] => 5
    [comment] => Great
)

[01-May-2025 14:30:31 Europe/Berlin] Config file not found at: C:\Users\theon\Downloads\steve\htdocs\se-final-project\views\dashboards\student\actions/../../../db/config.php
[01-May-2025 14:36:26 Europe/Berlin] Starting registration_action.php
[01-May-2025 14:36:26 Europe/Berlin] Session data: Array
(
    [user_id] => 13
    [full_name] => steve Nsabimana
    [role] => student
    [first_name] => steve
)

[01-May-2025 14:36:26 Europe/Berlin] POST data: Array
(
    [action] => getRegisteredEvents
)

[01-May-2025 14:36:26 Europe/Berlin] Executing query: SELECT 
                            e.event_id,
                            e.title,
                            e.category,
                            e.location,
                            DATE_FORMAT(e.start_datetime, '%Y-%m-%d %H:%i') as start_datetime,
                            DATE_FORMAT(e.end_datetime, '%Y-%m-%d %H:%i') as end_datetime,
                            DATE_FORMAT(r.registration_date, '%Y-%m-%d %H:%i') as registration_date,
                            r.attendance_status,
                            f.rating,
                            f.comments,
                            CASE 
                                WHEN e.end_datetime < NOW() THEN 'completed'
                                WHEN e.start_datetime > NOW() THEN 'upcoming'
                                ELSE 'ongoing'
                            END as event_status
                        FROM registrations r
                        INNER JOIN events e ON r.event_id = e.event_id
                        LEFT JOIN feedback f ON e.event_id = f.event_id AND f.user_id = r.user_id
                        WHERE r.user_id = ?
                        ORDER BY e.start_datetime DESC
[01-May-2025 14:36:26 Europe/Berlin] With user_id: 13
[01-May-2025 14:36:26 Europe/Berlin] Found 4 events
[01-May-2025 14:36:36 Europe/Berlin] Starting feedback_action.php
[01-May-2025 14:36:36 Europe/Berlin] Session data: Array
(
    [user_id] => 13
    [full_name] => steve Nsabimana
    [role] => student
    [first_name] => steve
)

[01-May-2025 14:36:36 Europe/Berlin] POST data: Array
(
    [action] => submitFeedback
    [event_id] => 19
    [rating] => 5
    [comment] => Great
)

[01-May-2025 14:36:36 Europe/Berlin] Received feedback data: {"event_id":"19","rating":"5","comment":"Great","user_id":13}
[01-May-2025 14:36:38 Europe/Berlin] Starting registration_action.php
[01-May-2025 14:36:38 Europe/Berlin] Session data: Array
(
    [user_id] => 13
    [full_name] => steve Nsabimana
    [role] => student
    [first_name] => steve
)

[01-May-2025 14:36:38 Europe/Berlin] POST data: Array
(
    [action] => getRegisteredEvents
)

[01-May-2025 14:36:38 Europe/Berlin] Executing query: SELECT 
                            e.event_id,
                            e.title,
                            e.category,
                            e.location,
                            DATE_FORMAT(e.start_datetime, '%Y-%m-%d %H:%i') as start_datetime,
                            DATE_FORMAT(e.end_datetime, '%Y-%m-%d %H:%i') as end_datetime,
                            DATE_FORMAT(r.registration_date, '%Y-%m-%d %H:%i') as registration_date,
                            r.attendance_status,
                            f.rating,
                            f.comments,
                            CASE 
                                WHEN e.end_datetime < NOW() THEN 'completed'
                                WHEN e.start_datetime > NOW() THEN 'upcoming'
                                ELSE 'ongoing'
                            END as event_status
                        FROM registrations r
                        INNER JOIN events e ON r.event_id = e.event_id
                        LEFT JOIN feedback f ON e.event_id = f.event_id AND f.user_id = r.user_id
                        WHERE r.user_id = ?
                        ORDER BY e.start_datetime DESC
[01-May-2025 14:36:38 Europe/Berlin] With user_id: 13
[01-May-2025 14:36:38 Europe/Berlin] Found 4 events
[01-May-2025 14:37:55 Europe/Berlin] Starting feedback_action.php
[01-May-2025 14:37:55 Europe/Berlin] Session data: Array
(
    [user_id] => 13
    [full_name] => steve Nsabimana
    [role] => student
    [first_name] => steve
)

[01-May-2025 14:37:55 Europe/Berlin] POST data: Array
(
    [action] => submitFeedback
    [event_id] => 18
    [rating] => 5
    [comment] => I really loved the event. Thank you
)

[01-May-2025 14:37:56 Europe/Berlin] Received feedback data: {"event_id":"18","rating":"5","comment":"I really loved the event. Thank you","user_id":13}
[01-May-2025 14:37:58 Europe/Berlin] Starting registration_action.php
[01-May-2025 14:37:58 Europe/Berlin] Session data: Array
(
    [user_id] => 13
    [full_name] => steve Nsabimana
    [role] => student
    [first_name] => steve
)

[01-May-2025 14:37:58 Europe/Berlin] POST data: Array
(
    [action] => getRegisteredEvents
)

[01-May-2025 14:37:58 Europe/Berlin] Executing query: SELECT 
                            e.event_id,
                            e.title,
                            e.category,
                            e.location,
                            DATE_FORMAT(e.start_datetime, '%Y-%m-%d %H:%i') as start_datetime,
                            DATE_FORMAT(e.end_datetime, '%Y-%m-%d %H:%i') as end_datetime,
                            DATE_FORMAT(r.registration_date, '%Y-%m-%d %H:%i') as registration_date,
                            r.attendance_status,
                            f.rating,
                            f.comments,
                            CASE 
                                WHEN e.end_datetime < NOW() THEN 'completed'
                                WHEN e.start_datetime > NOW() THEN 'upcoming'
                                ELSE 'ongoing'
                            END as event_status
                        FROM registrations r
                        INNER JOIN events e ON r.event_id = e.event_id
                        LEFT JOIN feedback f ON e.event_id = f.event_id AND f.user_id = r.user_id
                        WHERE r.user_id = ?
                        ORDER BY e.start_datetime DESC
[01-May-2025 14:37:58 Europe/Berlin] With user_id: 13
[01-May-2025 14:37:58 Europe/Berlin] Found 4 events
[01-May-2025 14:47:50 Europe/Berlin] Starting registration_action.php
[01-May-2025 14:47:50 Europe/Berlin] Session data: Array
(
    [user_id] => 13
    [full_name] => steve Nsabimana
    [role] => student
    [first_name] => steve
)

[01-May-2025 14:47:50 Europe/Berlin] POST data: Array
(
    [action] => getRegisteredEvents
)

[01-May-2025 14:47:50 Europe/Berlin] Executing query: SELECT 
                            e.event_id,
                            e.title,
                            e.category,
                            e.location,
                            DATE_FORMAT(e.start_datetime, '%Y-%m-%d %H:%i') as start_datetime,
                            DATE_FORMAT(e.end_datetime, '%Y-%m-%d %H:%i') as end_datetime,
                            DATE_FORMAT(r.registration_date, '%Y-%m-%d %H:%i') as registration_date,
                            r.attendance_status,
                            f.rating,
                            f.comments,
                            CASE 
                                WHEN e.end_datetime < NOW() THEN 'completed'
                                WHEN e.start_datetime > NOW() THEN 'upcoming'
                                ELSE 'ongoing'
                            END as event_status
                        FROM registrations r
                        INNER JOIN events e ON r.event_id = e.event_id
                        LEFT JOIN feedback f ON e.event_id = f.event_id AND f.user_id = r.user_id
                        WHERE r.user_id = ?
                        ORDER BY e.start_datetime DESC
[01-May-2025 14:47:50 Europe/Berlin] With user_id: 13
[01-May-2025 14:47:50 Europe/Berlin] Found 4 events
[01-May-2025 14:48:26 Europe/Berlin] Starting feedback_action.php
[01-May-2025 14:48:26 Europe/Berlin] Session data: Array
(
    [user_id] => 13
    [full_name] => steve Nsabimana
    [role] => student
    [first_name] => steve
)

[01-May-2025 14:48:26 Europe/Berlin] POST data: Array
(
    [action] => submitFeedback
    [event_id] => 16
    [rating] => 4
    [comment] => I like the events
)

[01-May-2025 14:48:26 Europe/Berlin] Received feedback data: {"event_id":"16","rating":"4","comment":"I like the events","user_id":13}
[01-May-2025 14:48:29 Europe/Berlin] Starting registration_action.php
[01-May-2025 14:48:29 Europe/Berlin] Session data: Array
(
    [user_id] => 13
    [full_name] => steve Nsabimana
    [role] => student
    [first_name] => steve
)

[01-May-2025 14:48:29 Europe/Berlin] POST data: Array
(
    [action] => getRegisteredEvents
)

[01-May-2025 14:48:29 Europe/Berlin] Executing query: SELECT 
                            e.event_id,
                            e.title,
                            e.category,
                            e.location,
                            DATE_FORMAT(e.start_datetime, '%Y-%m-%d %H:%i') as start_datetime,
                            DATE_FORMAT(e.end_datetime, '%Y-%m-%d %H:%i') as end_datetime,
                            DATE_FORMAT(r.registration_date, '%Y-%m-%d %H:%i') as registration_date,
                            r.attendance_status,
                            f.rating,
                            f.comments,
                            CASE 
                                WHEN e.end_datetime < NOW() THEN 'completed'
                                WHEN e.start_datetime > NOW() THEN 'upcoming'
                                ELSE 'ongoing'
                            END as event_status
                        FROM registrations r
                        INNER JOIN events e ON r.event_id = e.event_id
                        LEFT JOIN feedback f ON e.event_id = f.event_id AND f.user_id = r.user_id
                        WHERE r.user_id = ?
                        ORDER BY e.start_datetime DESC
[01-May-2025 14:48:29 Europe/Berlin] With user_id: 13
[01-May-2025 14:48:29 Europe/Berlin] Found 4 events
[01-May-2025 15:04:00 Europe/Berlin] Starting registration_action.php
[01-May-2025 15:04:00 Europe/Berlin] Session data: Array
(
    [user_id] => 13
    [full_name] => steve Nsabimana
    [role] => student
    [first_name] => steve
)

[01-May-2025 15:04:00 Europe/Berlin] POST data: Array
(
    [action] => getRegisteredEvents
)

[01-May-2025 15:04:00 Europe/Berlin] Executing query: SELECT 
                            e.event_id,
                            e.title,
                            e.category,
                            e.location,
                            DATE_FORMAT(e.start_datetime, '%Y-%m-%d %H:%i') as start_datetime,
                            DATE_FORMAT(e.end_datetime, '%Y-%m-%d %H:%i') as end_datetime,
                            DATE_FORMAT(r.registration_date, '%Y-%m-%d %H:%i') as registration_date,
                            r.attendance_status,
                            f.rating,
                            f.comments,
                            CASE 
                                WHEN e.end_datetime < NOW() THEN 'completed'
                                WHEN e.start_datetime > NOW() THEN 'upcoming'
                                ELSE 'ongoing'
                            END as event_status
                        FROM registrations r
                        INNER JOIN events e ON r.event_id = e.event_id
                        LEFT JOIN feedback f ON e.event_id = f.event_id AND f.user_id = r.user_id
                        WHERE r.user_id = ?
                        ORDER BY e.start_datetime DESC
[01-May-2025 15:04:00 Europe/Berlin] With user_id: 13
[01-May-2025 15:04:00 Europe/Berlin] Found 4 events
